Task 3 U-Net Stanford Background smoke test
repo_root=/root/Zhr/DL/HW2
data_root=data/stanford_background
split=train
batch_size=2
image_size=256
num_classes=8
base_channels=32
ignore_index=255
device=cuda
dataset_size=572
batch_images_shape=[2, 3, 256, 256]
batch_masks_shape=[2, 256, 256]
mask_values=[0, 1, 2, 4, 5, 7, 255]
logits_shape=[2, 8, 256, 256]
loss=2.07434845
shape_flow:
- input: [2, 3, 256, 256]
- inc: [2, 32, 256, 256]
- down1: [2, 64, 128, 128]
- down2: [2, 128, 64, 64]
- down3: [2, 256, 32, 32]
- down4: [2, 512, 16, 16]
- up1: [2, 256, 32, 32]
- up2: [2, 128, 64, 64]
- up3: [2, 64, 128, 128]
- up4: [2, 32, 256, 256]
- outc: [2, 8, 256, 256]
PASS unet_forward_shape_and_loss
